.\venv\Scripts\python : 
C:\Users\usuario\Documents\nuevos proyectos datahu
b\kyc\venv\Lib\site-packages\pydantic\_internal\_c
onfig.py:383: UserWarning: Valid config keys have 
changed in V2:
En línea: 1 Carácter: 22
+ ... ONPATH="."; .\venv\Scripts\python 
tests/test_all_pagination.py > test ...
+                 ~~~~~~~~~~~~~~~~~~~~~~~~~~~~~~~~
~~~~~~~~~~~~~~~~~~~~~~~~~
    + CategoryInfo          : NotSpecified: (C:\U 
   sers\usuari... changed in V2::String) [], Rem  
  oteException
    + FullyQualifiedErrorId : NativeCommandError
 
* 'schema_extra' has been renamed to 
'json_schema_extra'
  warnings.warn(message, UserWarning)
--- Probando Paginaci¾n en TODOS los Servicios ---
Traceback (most recent call last):
  File "C:\Users\usuario\Documents\nuevos 
proyectos 
datahub\kyc\tests\test_all_pagination.py", line 
38, in <module>
    asyncio.run(test_all_pagination())
    ~~~~~~~~~~~^^^^^^^^^^^^^^^^^^^^^^^
  File "C:\Users\usuario\AppData\Local\Programs\Py
thon\Python313\Lib\asyncio\runners.py", line 195, 
in run
    return runner.run(main)
           ~~~~~~~~~~^^^^^^
  File "C:\Users\usuario\AppData\Local\Programs\Py
thon\Python313\Lib\asyncio\runners.py", line 118, 
in run
    return self._loop.run_until_complete(task)
           ~~~~~~~~~~~~~~~~~~~~~~~~~~~~~^^^^^^
  File "C:\Users\usuario\AppData\Local\Programs\Py
thon\Python313\Lib\asyncio\base_events.py", line 
725, in run_until_complete
    return future.result()
           ~~~~~~~~~~~~~^^
  File "C:\Users\usuario\Documents\nuevos 
proyectos 
datahub\kyc\tests\test_all_pagination.py", line 
8, in test_all_pagination
    await init_db()
  File "C:\Users\usuario\Documents\nuevos 
proyectos datahub\kyc\core\database.py", line 43, 
in init_db
    print(f"\u2705 Conectado a MongoDB 
({settings.DATABASE_NAME}) y Beanie 
inicializado.")
    ~~~~~^^^^^^^^^^^^^^^^^^^^^^^^^^^^^^^^^^^^^^^^^
^^^^^^^^^^^^^^^^^^^^^^^^^^^^^^^^^^^^
  File "C:\Users\usuario\AppData\Local\Programs\Py
thon\Python313\Lib\encodings\cp1252.py", line 19, 
in encode
    return codecs.charmap_encode(input,self.errors
,encoding_table)[0]
           ~~~~~~~~~~~~~~~~~~~~~^^^^^^^^^^^^^^^^^^
^^^^^^^^^^^^^^^^
UnicodeEncodeError: 'charmap' codec can't encode 
character '\u2705' in position 0: character maps 
to <undefined>
